// Jest Snapshot v1, https://goo.gl/fbAQLP

exports[`Menu should render a default Menu 1`] = `
<ul
  class="menu"
  data-activedescendant="terra-select-option-null"
  id="terra-select-menu"
  role="listbox"
  style="outline:none"
  tabindex="0"
>
  <div
    class="no-results"
  >
    No matching results for ""
  </div>
</ul>
`;
